/cm/local/apps/slurm/var/spool/job1086789/slurm_script: line 12: /mnt/home/carriero/tmp/dbTest_42988_context_launch.log: Permission denied
