/cm/local/apps/slurm/var/spool/job1086791/slurm_script: line 12: /mnt/home/carriero/tmp/dbTest_43304_context_launch.log: Permission denied
